[pixelfit.tailorfit.site/html/pesco/index.html]
[backblue.gif]
[fade.gif]
[index.html]
[pixelfit.tailorfit.site/html/pesco/assets/images/favicon.png]
[pixelfit.tailorfit.site/html/pesco/assets/fonts/flaticon/flaticon_pesco.css]
[pixelfit.tailorfit.site/html/pesco/assets/fonts/fontawesome/css/all.min.css]
[pixelfit.tailorfit.site/html/pesco/assets/vendor/bootstrap/css/bootstrap.min.css]
[pixelfit.tailorfit.site/html/pesco/assets/vendor/slick/slick.css]
[pixelfit.tailorfit.site/html/pesco/assets/vendor/nice-select/css/nice-select.css]
[pixelfit.tailorfit.site/html/pesco/assets/vendor/magnific-popup/dist/magnific-popup.css]
[pixelfit.tailorfit.site/html/pesco/assets/vendor/jquery-ui/jquery-ui.min.css]
[pixelfit.tailorfit.site/html/pesco/assets/vendor/aos/aos.css]
[pixelfit.tailorfit.site/html/pesco/assets/css/default.css]
[pixelfit.tailorfit.site/html/pesco/assets/css/style.css]
[pixelfit.tailorfit.site/html/pesco/assets/images/loader.gif]
[pixelfit.tailorfit.site/html/pesco/assets/images/products/cart-1.jpg]
[pixelfit.tailorfit.site/html/pesco/assets/images/products/cart-2.jpg]
[pixelfit.tailorfit.site/html/pesco/assets/images/products/cart-3.jpg]
[pixelfit.tailorfit.site/html/pesco/assets/images/products/cart-4.jpg]
[pixelfit.tailorfit.site/html/pesco/checkout.html]
[pixelfit.tailorfit.site/html/pesco/assets/images/logo/logo-main.png]
[pixelfit.tailorfit.site/html/pesco/shops.html]
[pixelfit.tailorfit.site/html/pesco/assets/images/icon/shirt.png]
[pixelfit.tailorfit.site/html/pesco/assets/images/icon/denim.png]
[pixelfit.tailorfit.site/html/pesco/assets/images/icon/suit.png]
[pixelfit.tailorfit.site/html/pesco/assets/images/icon/dress.png]
[pixelfit.tailorfit.site/html/pesco/assets/images/icon/sweaters.png]
[pixelfit.tailorfit.site/html/pesco/assets/images/icon/jacket.png]
[pixelfit.tailorfit.site/html/pesco/index-2.html]
[pixelfit.tailorfit.site/html/pesco/shop-details.html]
[pixelfit.tailorfit.site/html/pesco/cart.html]
[pixelfit.tailorfit.site/html/pesco/wishlists.html]
[pixelfit.tailorfit.site/html/pesco/blogs.html]
[pixelfit.tailorfit.site/html/pesco/blog-details.html]
[pixelfit.tailorfit.site/html/pesco/about-us.html]
[pixelfit.tailorfit.site/html/pesco/faq.html]
[pixelfit.tailorfit.site/html/pesco/contact.html]
[pixelfit.tailorfit.site/html/pesco/assets/images/hero/line-1.png]
[pixelfit.tailorfit.site/html/pesco/assets/images/hero/hero-one_img1.jpg]
[pixelfit.tailorfit.site/html/pesco/assets/images/hero/hero-one-shape1.png]
[pixelfit.tailorfit.site/html/pesco/assets/images/divider.png]
[pixelfit.tailorfit.site/html/pesco/assets/images/category/category-1.png]
[pixelfit.tailorfit.site/html/pesco/assets/images/category/category-2.png]
[pixelfit.tailorfit.site/html/pesco/assets/images/category/category-3.png]
[pixelfit.tailorfit.site/html/pesco/assets/images/category/category-4.png]
[pixelfit.tailorfit.site/html/pesco/assets/images/category/category-5.png]
[pixelfit.tailorfit.site/html/pesco/assets/images/category/category-6.png]
[pixelfit.tailorfit.site/html/pesco/assets/images/banner/discount.png]
[pixelfit.tailorfit.site/html/pesco/assets/images/banner/line.png]
[pixelfit.tailorfit.site/html/pesco/assets/images/banner/banner-1.png]
[pixelfit.tailorfit.site/html/pesco/assets/images/banner/banner-2.png]
[pixelfit.tailorfit.site/html/pesco/assets/images/products/feature-product-1.png]
[pixelfit.tailorfit.site/html/pesco/assets/images/products/feature-product-2.png]
[pixelfit.tailorfit.site/html/pesco/assets/images/products/feature-product-3.png]
[pixelfit.tailorfit.site/html/pesco/assets/images/products/feature-product-4.png]
[pixelfit.tailorfit.site/html/pesco/assets/images/products/trending-product-1.png]
[pixelfit.tailorfit.site/html/pesco/assets/images/products/trending-product-2.png]
[pixelfit.tailorfit.site/html/pesco/assets/images/products/trending-product-3.png]
[pixelfit.tailorfit.site/html/pesco/assets/images/products/trending-product-4.png]
[pixelfit.tailorfit.site/html/pesco/assets/images/products/trending-product-5.png]
[pixelfit.tailorfit.site/html/pesco/assets/images/bg/deal-bg-1.png]
[pixelfit.tailorfit.site/html/pesco/assets/images/banner/deal-1.png]
[pixelfit.tailorfit.site/html/pesco/assets/images/testimonial/author-1.png]
[pixelfit.tailorfit.site/html/pesco/assets/images/testimonial/author-2.png]
[pixelfit.tailorfit.site/html/pesco/assets/images/blog/blog-big-1.png]
[pixelfit.tailorfit.site/html/pesco/assets/images/blog/blog-sm-1.png]
[pixelfit.tailorfit.site/html/pesco/assets/images/blog/blog-sm-2.png]
[pixelfit.tailorfit.site/html/pesco/assets/images/blog/blog-sm-3.png]
[pixelfit.tailorfit.site/html/pesco/assets/images/blog/blog-sm-4.png]
[pixelfit.tailorfit.site/html/pesco/assets/images/newsletter/pattern-1.png]
[pixelfit.tailorfit.site/html/pesco/assets/images/newsletter/pattern-2.png]
[pixelfit.tailorfit.site/html/pesco/assets/images/newsletter/shape-1.png]
[pixelfit.tailorfit.site/html/pesco/assets/images/newsletter/newsletter-1.png]
[pixelfit.tailorfit.site/html/pesco/assets/images/footer/shape-1.png]
[pixelfit.tailorfit.site/html/pesco/assets/images/icon/star-3.svg]
[pixelfit.tailorfit.site/html/pesco/assets/images/footer/recent-post-1.png]
[pixelfit.tailorfit.site/html/pesco/assets/images/footer/recent-post-2.png]
[pixelfit.tailorfit.site/html/pesco/assets/images/footer/recent-post-3.png]
[pixelfit.tailorfit.site/html/pesco/assets/images/footer/payment-method.png]
[pixelfit.tailorfit.site/html/pesco/assets/vendor/jquery-3.6.0.min.js]
[pixelfit.tailorfit.site/html/pesco/assets/vendor/popper/popper.min.js]
[pixelfit.tailorfit.site/html/pesco/assets/vendor/bootstrap/js/bootstrap.min.js]
[pixelfit.tailorfit.site/html/pesco/assets/vendor/slick/slick.min.js]
[pixelfit.tailorfit.site/html/pesco/assets/vendor/magnific-popup/dist/jquery.magnific-popup.min.js]
[pixelfit.tailorfit.site/html/pesco/assets/vendor/nice-select/js/jquery.nice-select.min.js]
[pixelfit.tailorfit.site/html/pesco/assets/vendor/jquery-ui/jquery-ui.min.js]
[pixelfit.tailorfit.site/html/pesco/assets/vendor/simplyCountdown.min.js]
[pixelfit.tailorfit.site/html/pesco/assets/vendor/aos/aos.js]
[pixelfit.tailorfit.site/html/pesco/index.html]
[pixelfit.tailorfit.site/html/pesco/assets/js/theme.js]
[pixelfit.tailorfit.site/html/pesco/assets/fonts/flaticon/flaticon_pesco826a.woff2]
[pixelfit.tailorfit.site/html/pesco/assets/fonts/flaticon/flaticon_pesco826a.woff]
[pixelfit.tailorfit.site/html/pesco/assets/fonts/flaticon/flaticon_pesco826a.eot]
[pixelfit.tailorfit.site/html/pesco/assets/fonts/flaticon/flaticon_pesco826a.ttf]
[pixelfit.tailorfit.site/html/pesco/assets/fonts/flaticon/flaticon_pesco.css]
[pixelfit.tailorfit.site/html/pesco/assets/fonts/flaticon/flaticon_pesco826a.svg]
[pixelfit.tailorfit.site/html/pesco/assets/fonts/fontawesome/webfonts/fa-brands-400.eot]
[pixelfit.tailorfit.site/html/pesco/assets/fonts/fontawesome/webfonts/fa-brands-400d41d.eot]
[pixelfit.tailorfit.site/html/pesco/assets/fonts/fontawesome/webfonts/fa-brands-400.woff2]
[pixelfit.tailorfit.site/html/pesco/assets/fonts/fontawesome/webfonts/fa-brands-400.woff]
[pixelfit.tailorfit.site/html/pesco/assets/fonts/fontawesome/webfonts/fa-brands-400.ttf]
[pixelfit.tailorfit.site/html/pesco/assets/fonts/fontawesome/webfonts/fa-brands-400.svg]
[pixelfit.tailorfit.site/html/pesco/assets/fonts/fontawesome/webfonts/fa-duotone-900.eot]
[pixelfit.tailorfit.site/html/pesco/assets/fonts/fontawesome/webfonts/fa-duotone-900d41d.eot]
[pixelfit.tailorfit.site/html/pesco/assets/fonts/fontawesome/webfonts/fa-duotone-900.woff2]
[pixelfit.tailorfit.site/html/pesco/assets/fonts/fontawesome/webfonts/fa-duotone-900.woff]
[pixelfit.tailorfit.site/html/pesco/assets/fonts/fontawesome/webfonts/fa-duotone-900.ttf]
[pixelfit.tailorfit.site/html/pesco/assets/fonts/fontawesome/webfonts/fa-duotone-900.svg]
[pixelfit.tailorfit.site/html/pesco/assets/fonts/fontawesome/webfonts/fa-light-300.eot]
[pixelfit.tailorfit.site/html/pesco/assets/fonts/fontawesome/webfonts/fa-light-300d41d.eot]
[pixelfit.tailorfit.site/html/pesco/assets/fonts/fontawesome/webfonts/fa-light-300.woff2]
[pixelfit.tailorfit.site/html/pesco/assets/fonts/fontawesome/webfonts/fa-light-300.woff]
[pixelfit.tailorfit.site/html/pesco/assets/fonts/fontawesome/webfonts/fa-light-300.ttf]
[pixelfit.tailorfit.site/html/pesco/assets/fonts/fontawesome/webfonts/fa-regular-400.eot]
[pixelfit.tailorfit.site/html/pesco/assets/fonts/fontawesome/webfonts/fa-light-300.svg]
[pixelfit.tailorfit.site/html/pesco/assets/fonts/fontawesome/webfonts/fa-regular-400.woff2]
[pixelfit.tailorfit.site/html/pesco/assets/fonts/fontawesome/webfonts/fa-regular-400.woff]
[pixelfit.tailorfit.site/html/pesco/assets/fonts/fontawesome/webfonts/fa-regular-400.ttf]
[pixelfit.tailorfit.site/html/pesco/assets/fonts/fontawesome/webfonts/fa-regular-400d41d.eot]
[pixelfit.tailorfit.site/html/pesco/assets/fonts/fontawesome/webfonts/fa-regular-400.svg]
[pixelfit.tailorfit.site/html/pesco/assets/fonts/fontawesome/webfonts/fa-solid-900.eot]
[pixelfit.tailorfit.site/html/pesco/assets/fonts/fontawesome/webfonts/fa-solid-900d41d.eot]
[pixelfit.tailorfit.site/html/pesco/assets/fonts/fontawesome/webfonts/fa-solid-900.woff2]
[pixelfit.tailorfit.site/html/pesco/assets/fonts/fontawesome/webfonts/fa-solid-900.woff]
[pixelfit.tailorfit.site/html/pesco/assets/fonts/fontawesome/webfonts/fa-solid-900.ttf]
[pixelfit.tailorfit.site/html/pesco/assets/fonts/fontawesome/webfonts/fa-solid-900.svg]
[pixelfit.tailorfit.site/html/pesco/assets/fonts/fontawesome/css/all.min.css]
[pixelfit.tailorfit.site/html/pesco/assets/vendor/bootstrap/css/bootstrap.min.css]
[pixelfit.tailorfit.site/html/pesco/assets/vendor/slick/slick.css]
[pixelfit.tailorfit.site/html/pesco/assets/vendor/nice-select/css/nice-select.css]
[pixelfit.tailorfit.site/html/pesco/assets/vendor/magnific-popup/dist/magnific-popup.css]
[pixelfit.tailorfit.site/html/pesco/assets/vendor/jquery-ui/images/ui-icons_444444_256x240.png]
[pixelfit.tailorfit.site/html/pesco/assets/vendor/jquery-ui/images/ui-icons_555555_256x240.png]
[pixelfit.tailorfit.site/html/pesco/assets/vendor/jquery-ui/images/ui-icons_ffffff_256x240.png]
[pixelfit.tailorfit.site/html/pesco/assets/vendor/jquery-ui/images/ui-icons_777620_256x240.png]
[pixelfit.tailorfit.site/html/pesco/assets/vendor/jquery-ui/images/ui-icons_cc0000_256x240.png]
[pixelfit.tailorfit.site/html/pesco/assets/vendor/jquery-ui/images/ui-icons_777777_256x240.png]
[pixelfit.tailorfit.site/html/pesco/assets/vendor/jquery-ui/jquery-ui.min.css]
[pixelfit.tailorfit.site/html/pesco/assets/vendor/aos/aos.css]
[pixelfit.tailorfit.site/html/pesco/assets/css/default.css]
[pixelfit.tailorfit.site/html/pesco/assets/images/line.png]
[pixelfit.tailorfit.site/html/pesco/assets/css/style.css]
[pixelfit.tailorfit.site/html/pesco/assets/images/bg/page-img-1.png]
[pixelfit.tailorfit.site/html/pesco/assets/images/shape/curved-arrow.png]
[pixelfit.tailorfit.site/html/pesco/assets/images/shape/stars.png]
[pixelfit.tailorfit.site/html/pesco/checkout.html]
[pixelfit.tailorfit.site/html/pesco/assets/images/bg/page-shape.png]
[pixelfit.tailorfit.site/html/pesco/assets/images/widget/banner-shape-1.png]
[pixelfit.tailorfit.site/html/pesco/assets/images/widget/banner-1.png]
[pixelfit.tailorfit.site/html/pesco/assets/images/products/product-1.png]
[pixelfit.tailorfit.site/html/pesco/assets/images/products/product-2.png]
[pixelfit.tailorfit.site/html/pesco/assets/images/products/product-3.png]
[pixelfit.tailorfit.site/html/pesco/assets/images/products/product-4.png]
[pixelfit.tailorfit.site/html/pesco/assets/images/products/product-5.png]
[pixelfit.tailorfit.site/html/pesco/shops.html]
[pixelfit.tailorfit.site/html/pesco/assets/images/hero/hero-two-shape1.png]
[pixelfit.tailorfit.site/html/pesco/assets/images/hero/hero-two_img1.jpg]
[pixelfit.tailorfit.site/html/pesco/assets/images/hero/hero-two-img-shape1.png]
[pixelfit.tailorfit.site/html/pesco/assets/images/banner/banner-bg1.jpg]
[pixelfit.tailorfit.site/html/pesco/assets/images/banner/banner-img1.png]
[pixelfit.tailorfit.site/html/pesco/assets/images/banner/banner-bg2.jpg]
[pixelfit.tailorfit.site/html/pesco/assets/images/banner/banner-img2.png]
[pixelfit.tailorfit.site/html/pesco/assets/images/banner/banner-bg3.jpg]
[pixelfit.tailorfit.site/html/pesco/assets/images/banner/banner-img3.png]
[pixelfit.tailorfit.site/html/pesco/assets/images/banner/banner-bg4.jpg]
[pixelfit.tailorfit.site/html/pesco/assets/images/banner/banner-img4.png]
[pixelfit.tailorfit.site/html/pesco/assets/images/category/category-7.jpg]
[pixelfit.tailorfit.site/html/pesco/assets/images/category/category-8.jpg]
[pixelfit.tailorfit.site/html/pesco/assets/images/category/category-9.jpg]
[pixelfit.tailorfit.site/html/pesco/assets/images/category/category-10.jpg]
[pixelfit.tailorfit.site/html/pesco/assets/images/category/category-11.jpg]
[pixelfit.tailorfit.site/html/pesco/assets/images/category/category-12.jpg]
[pixelfit.tailorfit.site/html/pesco/assets/images/products/feature-product-5.png]
[pixelfit.tailorfit.site/html/pesco/assets/images/products/feature-product-6.png]
[pixelfit.tailorfit.site/html/pesco/assets/images/products/feature-product-7.png]
[pixelfit.tailorfit.site/html/pesco/assets/images/products/feature-product-8.png]
[pixelfit.tailorfit.site/html/pesco/assets/images/products/feature-product-9.png]
[pixelfit.tailorfit.site/html/pesco/assets/images/products/feature-product-10.png]
[pixelfit.tailorfit.site/html/pesco/assets/images/products/feature-product-11.png]
[pixelfit.tailorfit.site/html/pesco/assets/images/products/feature-product-12.png]
[pixelfit.tailorfit.site/html/pesco/assets/images/products/feature-product-13.png]
[pixelfit.tailorfit.site/html/pesco/assets/images/products/feature-product-14.png]
[pixelfit.tailorfit.site/html/pesco/assets/images/products/deal-1.png]
[pixelfit.tailorfit.site/html/pesco/assets/images/products/deal-2.png]
[pixelfit.tailorfit.site/html/pesco/assets/images/products/deal-3.png]
[pixelfit.tailorfit.site/html/pesco/assets/images/products/product-6.png]
[pixelfit.tailorfit.site/html/pesco/assets/images/products/product-7.png]
[pixelfit.tailorfit.site/html/pesco/assets/images/products/feature-product-18.png]
[pixelfit.tailorfit.site/html/pesco/assets/images/brand/brand-btn.png]
[pixelfit.tailorfit.site/html/pesco/assets/images/brand/brand-1.png]
[pixelfit.tailorfit.site/html/pesco/assets/images/brand/brand-2.png]
[pixelfit.tailorfit.site/html/pesco/assets/images/brand/brand-3.png]
[pixelfit.tailorfit.site/html/pesco/assets/images/brand/brand-4.png]
[pixelfit.tailorfit.site/html/pesco/assets/images/brand/brand-5.png]
[pixelfit.tailorfit.site/html/pesco/assets/images/brand/brand-6.png]
[pixelfit.tailorfit.site/html/pesco/assets/images/brand/brand-7.png]
[pixelfit.tailorfit.site/html/pesco/assets/images/brand/brand-8.png]
[pixelfit.tailorfit.site/html/pesco/assets/images/brand/brand-9.png]
[pixelfit.tailorfit.site/html/pesco/assets/images/brand/brand-10.png]
[pixelfit.tailorfit.site/html/pesco/assets/images/testimonial/testimonial-img1.png]
[pixelfit.tailorfit.site/html/pesco/assets/images/blog/blog-1.jpg]
[pixelfit.tailorfit.site/html/pesco/assets/images/blog/blog-2.jpg]
[pixelfit.tailorfit.site/html/pesco/assets/images/blog/blog-3.jpg]
[pixelfit.tailorfit.site/html/pesco/assets/images/blog/blog-4.jpg]
[pixelfit.tailorfit.site/html/pesco/assets/images/newsletter/newsletter-2.jpg]
[pixelfit.tailorfit.site/html/pesco/index-2.html]
[pixelfit.tailorfit.site/html/pesco/assets/images/products/product-big-1.jpg]
[pixelfit.tailorfit.site/html/pesco/assets/images/products/product-big-2.jpg]
[pixelfit.tailorfit.site/html/pesco/assets/images/products/product-big-3.jpg]
[pixelfit.tailorfit.site/html/pesco/assets/images/products/product-big-4.jpg]
[pixelfit.tailorfit.site/html/pesco/assets/images/products/product-big-5.jpg]
[pixelfit.tailorfit.site/html/pesco/assets/images/products/product-thumb-1.jpg]
[pixelfit.tailorfit.site/html/pesco/assets/images/products/product-thumb-2.jpg]
[pixelfit.tailorfit.site/html/pesco/assets/images/products/product-thumb-3.jpg]
[pixelfit.tailorfit.site/html/pesco/assets/images/products/product-thumb-4.jpg]
[pixelfit.tailorfit.site/html/pesco/assets/images/products/product-thumb-5.jpg]
[pixelfit.tailorfit.site/html/pesco/assets/images/products/review-1.jpg]
[pixelfit.tailorfit.site/html/pesco/assets/images/products/review-2.jpg]
[pixelfit.tailorfit.site/html/pesco/assets/images/products/review-3.jpg]
[pixelfit.tailorfit.site/html/pesco/shop-details.html]
[pixelfit.tailorfit.site/html/pesco/cart.html]
[pixelfit.tailorfit.site/html/pesco/wishlists.html]
[pixelfit.tailorfit.site/html/pesco/assets/images/blog/blog-sm-5.png]
[pixelfit.tailorfit.site/html/pesco/assets/images/blog/blog-sm-6.png]
[pixelfit.tailorfit.site/html/pesco/assets/images/blog/blog-sm-7.png]
[pixelfit.tailorfit.site/html/pesco/blogs.html]
[pixelfit.tailorfit.site/html/pesco/assets/images/blog/blog-single-1.jpg]
[pixelfit.tailorfit.site/html/pesco/assets/images/blog/blog-single-2.jpg]
[pixelfit.tailorfit.site/html/pesco/assets/images/blog/blog-single-3.jpg]
[pixelfit.tailorfit.site/html/pesco/assets/images/blog/post-thumb-4.jpg]
[pixelfit.tailorfit.site/html/pesco/assets/images/blog/post-thumb-1.jpg]
[pixelfit.tailorfit.site/html/pesco/assets/images/blog/post-thumb-2.jpg]
[pixelfit.tailorfit.site/html/pesco/assets/images/blog/post-thumb-3.jpg]
[pixelfit.tailorfit.site/html/pesco/blog-details.html]
[pixelfit.tailorfit.site/html/pesco/assets/images/about/about-1.jpg]
[pixelfit.tailorfit.site/html/pesco/assets/images/about/about-2.jpg]
[pixelfit.tailorfit.site/html/pesco/assets/images/about/star.svg]
[pixelfit.tailorfit.site/html/pesco/assets/images/about/about-3.png]
[pixelfit.tailorfit.site/html/pesco/assets/images/about/about-4.png]
[pixelfit.tailorfit.site/html/pesco/assets/images/testimonial/author-3.png]
[pixelfit.tailorfit.site/html/pesco/assets/images/about/divider.png]
[pixelfit.tailorfit.site/html/pesco/assets/images/about/signature.png]
[pixelfit.tailorfit.site/html/pesco/assets/images/team/team-1.jpg]
[pixelfit.tailorfit.site/html/pesco/assets/images/team/team-2.jpg]
[pixelfit.tailorfit.site/html/pesco/assets/images/team/team-3.jpg]
[pixelfit.tailorfit.site/html/pesco/assets/images/team/team-4.jpg]
[pixelfit.tailorfit.site/html/pesco/assets/images/team/team-5.jpg]
[pixelfit.tailorfit.site/html/pesco/assets/images/team/team-6.jpg]
[pixelfit.tailorfit.site/html/pesco/about-us.html]
[pixelfit.tailorfit.site/html/pesco/faq.html]
[pixelfit.tailorfit.site/html/pesco/assets/images/testimonial/tl-svgBottom.svg]
[pixelfit.tailorfit.site/html/pesco/assets/images/shape/cl-line.png]
[pixelfit.tailorfit.site/html/pesco/assets/images/contact/text-img.png]
[pixelfit.tailorfit.site/html/pesco/contact.html]
[pixelfit.tailorfit.site/html/pesco/assets/images/icon/star-3.svg]
[pixelfit.tailorfit.site/html/pesco/assets/vendor/jquery-3.6.0.min.js]
[pixelfit.tailorfit.site/html/pesco/assets/vendor/popper/popper.min.js]
[pixelfit.tailorfit.site/html/pesco/assets/vendor/bootstrap/js/bootstrap.min.js]
[pixelfit.tailorfit.site/html/pesco/assets/vendor/slick/slick.min.js]
[pixelfit.tailorfit.site/html/pesco/assets/vendor/magnific-popup/dist/jquery.magnific-popup.min.js]
[pixelfit.tailorfit.site/html/pesco/assets/vendor/nice-select/js/jquery.nice-select.min.js]
[pixelfit.tailorfit.site/html/pesco/assets/vendor/jquery-ui/jquery-ui.min.js]
[pixelfit.tailorfit.site/html/pesco/assets/vendor/simplyCountdown.min.js]
[pixelfit.tailorfit.site/html/pesco/assets/vendor/aos/aos.js]
[pixelfit.tailorfit.site/html/pesco/assets/js/theme.js]
[pixelfit.tailorfit.site/html/pesco/assets/fonts/flaticon/flaticon_pesco826a.svg]
[pixelfit.tailorfit.site/html/pesco/assets/fonts/fontawesome/webfonts/fa-brands-400.html]
[pixelfit.tailorfit.site/html/pesco/assets/fonts/fontawesome/webfonts/fa-duotone-900.html]
[pixelfit.tailorfit.site/html/pesco/assets/fonts/fontawesome/webfonts/fa-duotone-900d41d.html]
[pixelfit.tailorfit.site/html/pesco/assets/fonts/fontawesome/webfonts/fa-duotone-901.html]
[pixelfit.tailorfit.site/html/pesco/assets/fonts/fontawesome/webfonts/fa-duotone-902.html]
[pixelfit.tailorfit.site/html/pesco/assets/fonts/fontawesome/webfonts/fa-duotone-903.html]
[pixelfit.tailorfit.site/html/pesco/assets/fonts/fontawesome/webfonts/fa-duotone-904.html]
[pixelfit.tailorfit.site/html/pesco/dist/index.html]
[pixelfit.tailorfit.site/html/pesco/assets/fonts/fontawesome/webfonts/fa-light-300.svg]
[pixelfit.tailorfit.site/html/pesco/assets/fonts/fontawesome/webfonts/fa-regular-400.html]
[pixelfit.tailorfit.site/html/pesco/assets/fonts/fontawesome/webfonts/fa-solid-900.html]
[pixelfit.tailorfit.site/html/pesco/assets/images/products/feature-product-18.html]
[pixelfit.tailorfit.site/html/pesco/assets/images/about/star.svg]
[pixelfit.tailorfit.site/html/pesco/assets/images/testimonial/tl-svgBottom.svg]
[pixelfit.tailorfit.site/html/pesco/dist/index.html]
